Running on 16 cores...
Processing TF_A = 0.3, 0.04
Processing TF_A = 0.3, 0.08Processing TF_A = 0.3, 0.12

Processing TF_A = 0.3, 0.16
Processing TF_A = 0.3, 0.2
Processing TF_A = 0.3, 0.24
Processing TF_A = 0.325, 0.04
Processing TF_A = 0.325, 0.08
Processing TF_A = 0.325, 0.12
Processing TF_A = 0.325, 0.16
Processing TF_A = 0.325, 0.2
Processing TF_A = 0.325, 0.24
Processing TF_A = 0.35, 0.04
Processing TF_A = 0.35, 0.08
Processing TF_A = 0.35, 0.12
Processing TF_A = 0.35, 0.16
Initialising Boozer Surface: 
Initialising Boozer Surface: 
Initialising Boozer Surface: 
Initialising Boozer Surface: 
Initialising Boozer Surface: 
Initialising Boozer Surface: 
Initialising Boozer Surface: 
Initialising Boozer Surface: 
Initialising Boozer Surface: 
Initialising Boozer Surface: 
Initialising Boozer Surface: 
Initialising Boozer Surface: 
Initialising Boozer Surface: 
Initialising Boozer Surface: 
Initialising Boozer Surface: 
Initialising Boozer Surface: 
BFGS solve - True  iter=192, iota=0.0430781196478567, ||grad||_inf = 8.203e-11
NEWTON solve - True  iter=1, iota=0.0430781193600398, ||grad||_inf = 2.413e-15
Solve success: True
    iota: 0.0430781193600398
    G: -3.1934077228506843
Processing TF_A = 0.35, 0.2
Initialising Boozer Surface: 
BFGS solve - True  iter=202, iota=0.0357270198279028, ||grad||_inf = 4.958e-11
NEWTON solve - True  iter=1, iota=0.0357270199093670, ||grad||_inf = 1.618e-14
Solve success: True
    iota: 0.03572701990936697
    G: -3.1934077228506395
Processing TF_A = 0.35, 0.24
Initialising Boozer Surface: 
BFGS solve - True  iter=251, iota=0.0011342822168258, ||grad||_inf = 7.143e-11
NEWTON solve - True  iter=1, iota=0.0011342822367737, ||grad||_inf = 1.030e-14
Solve success: False
    iota: 0.0011342822367737312
    G: -3.1934077228506395
    Surface is self-intersecting.
Processing TF_A = 0.375, 0.04
Initialising Boozer Surface: 
BFGS solve - True  iter=281, iota=0.0133586443481093, ||grad||_inf = 4.165e-11
NEWTON solve - True  iter=1, iota=0.0133586442990493, ||grad||_inf = 6.580e-15
Solve success: False
    iota: 0.013358644299049286
    G: -3.1934077228506395
    Surface is self-intersecting.
Processing TF_A = 0.375, 0.08
Initialising Boozer Surface: 
BFGS solve - True  iter=289, iota=0.0135262711412048, ||grad||_inf = 6.142e-11
NEWTON solve - True  iter=1, iota=0.0135262710966616, ||grad||_inf = 1.409e-14
Solve success: False
    iota: 0.013526271096661619
    G: -3.1934077228506395
    Surface is self-intersecting.
Processing TF_A = 0.375, 0.12
BFGS solve - False  iter=270, iota=0.0087383112351738, ||grad||_inf = 1.281e-10
Initialising Boozer Surface: 
NEWTON solve - True  iter=1, iota=0.0087383112253104, ||grad||_inf = 1.685e-14
Solve success: False
    iota: 0.008738311225310364
    G: -3.1934077228506395
    Surface is self-intersecting.
Processing TF_A = 0.375, 0.16
BFGS solve - False  iter=264, iota=0.0071061412820027, ||grad||_inf = 8.157e-10
Initialising Boozer Surface: 
BFGS solve - False  iter=313, iota=0.0024687914862500, ||grad||_inf = 4.593e-10
BFGS solve - False  iter=302, iota=0.0026798858336742, ||grad||_inf = 1.941e-10
BFGS solve - False  iter=309, iota=0.0025426036358197, ||grad||_inf = 4.834e-10
NEWTON solve - True  iter=1, iota=0.0071061415541771, ||grad||_inf = 1.700e-15
Solve success: False
    iota: 0.007106141554177115
    G: -3.1934077228506395
    Surface is self-intersecting.
Processing TF_A = 0.375, 0.2
Initialising Boozer Surface: 
NEWTON solve - True  iter=1, iota=0.0024687914918928, ||grad||_inf = 2.626e-15
Solve success: False
    iota: 0.0024687914918927875
    G: -3.1934077228506434
    Surface is self-intersecting.
Processing TF_A = 0.375, 0.24
BFGS solve - False  iter=287, iota=0.0012107735146643, ||grad||_inf = 8.021e-10
Initialising Boozer Surface: 
NEWTON solve - True  iter=1, iota=0.0026798858207266, ||grad||_inf = 2.229e-15
Solve success: False
    iota: 0.0026798858207266315
    G: -3.193407722850639
    Surface is self-intersecting.
Processing TF_A = 0.4, 0.04
NEWTON solve - True  iter=1, iota=0.0025426034624477, ||grad||_inf = 2.757e-15
Solve success: False
    iota: 0.002542603462447712
    G: -3.1934077228506395
    Surface is self-intersecting.
Processing TF_A = 0.4, 0.08
Initialising Boozer Surface: 
Initialising Boozer Surface: 
NEWTON solve - True  iter=1, iota=0.0012107735456304, ||grad||_inf = 1.800e-14
Solve success: False
    iota: 0.00121077354563041
    G: -3.1934077228506395
    Surface is self-intersecting.
Processing TF_A = 0.4, 0.12
Initialising Boozer Surface: 
BFGS solve - False  iter=359, iota=0.0023099114042360, ||grad||_inf = 2.684e-10
BFGS solve - True  iter=392, iota=0.0019201245790953, ||grad||_inf = 6.041e-11
NEWTON solve - True  iter=1, iota=0.0023099114574870, ||grad||_inf = 3.807e-15
Solve success: False
    iota: 0.002309911457487017
    G: -3.1934077228506395
    Surface is self-intersecting.
Processing TF_A = 0.4, 0.16
Initialising Boozer Surface: 
NEWTON solve - True  iter=1, iota=0.0019201245739554, ||grad||_inf = 2.473e-14
Solve success: False
    iota: 0.0019201245739553635
    G: -3.1934077228506395
    Surface is self-intersecting.
Processing TF_A = 0.4, 0.2
Initialising Boozer Surface: 
BFGS solve - False  iter=256, iota=0.0046957883016151, ||grad||_inf = 2.899e-10
NEWTON solve - True  iter=1, iota=0.0046957882800007, ||grad||_inf = 8.119e-15
Solve success: False
    iota: 0.004695788280000677
    G: -3.1934077228506395
    Surface is self-intersecting.
Processing TF_A = 0.4, 0.24
Initialising Boozer Surface: 
BFGS solve - False  iter=394, iota=0.0050101048363164, ||grad||_inf = 1.842e-10
BFGS solve - False  iter=411, iota=0.0012565001574390, ||grad||_inf = 9.418e-10
NEWTON solve - True  iter=1, iota=0.0050101048126323, ||grad||_inf = 1.782e-14
Solve success: False
    iota: 0.0050101048126323135
    G: -3.1934077228506395
    Surface is self-intersecting.
Processing TF_A = 0.425, 0.04
NEWTON solve - True  iter=1, iota=0.0012565001284839, ||grad||_inf = 6.514e-15
Solve success: False
    iota: 0.0012565001284839217
    G: -3.1934077228506395
    Surface is self-intersecting.
Processing TF_A = 0.425, 0.08
Initialising Boozer Surface: 
Initialising Boozer Surface: 
BFGS solve - False  iter=197, iota=0.0366638459878019, ||grad||_inf = 1.150e-09
NEWTON solve - True  iter=1, iota=0.0366638445798009, ||grad||_inf = 1.597e-14
Solve success: True
    iota: 0.036663844579800896
    G: -3.1934077228506657
Processing TF_A = 0.425, 0.12
Initialising Boozer Surface: 
BFGS solve - True  iter=199, iota=0.0382088694260072, ||grad||_inf = 2.903e-11
NEWTON solve - True  iter=1, iota=0.0382088694585751, ||grad||_inf = 1.010e-14
Solve success: True
    iota: 0.03820886945857505
    G: -3.1934077228506395
Processing TF_A = 0.425, 0.16
Initialising Boozer Surface: 
BFGS solve - True  iter=194, iota=0.0403219950258728, ||grad||_inf = 6.039e-11
NEWTON solve - True  iter=1, iota=0.0403219951330706, ||grad||_inf = 1.016e-14
Solve success: True
    iota: 0.04032199513307057
    G: -3.193407722850665
Processing TF_A = 0.425, 0.2
Initialising Boozer Surface: 
BFGS solve - False  iter=312, iota=0.0125225738776685, ||grad||_inf = 5.069e-10
NEWTON solve - True  iter=1, iota=0.0125225737030236, ||grad||_inf = 6.186e-16
Solve success: False
    iota: 0.012522573703023617
    G: -3.1934077228506395
    Surface is self-intersecting.
Processing TF_A = 0.425, 0.24
Initialising Boozer Surface: 
BFGS solve - False  iter=196, iota=0.0352187838547030, ||grad||_inf = 9.729e-10
NEWTON solve - True  iter=1, iota=0.0352187850685828, ||grad||_inf = 3.126e-14
Solve success: True
    iota: 0.03521878506858275
    G: -3.1934077228506395
Processing TF_A = 0.45, 0.04
BFGS solve - False  iter=202, iota=0.0373328062895788, ||grad||_inf = 2.432e-10
Initialising Boozer Surface: 
BFGS solve - False  iter=310, iota=0.0088963420400260, ||grad||_inf = 5.772e-10
NEWTON solve - True  iter=1, iota=0.0373328061353125, ||grad||_inf = 1.416e-15
Solve success: True
    iota: 0.03733280613531247
    G: -3.1934077228506395
Processing TF_A = 0.45, 0.08
Initialising Boozer Surface: 
NEWTON solve - True  iter=1, iota=0.0088963427078438, ||grad||_inf = 2.318e-15
Solve success: False
    iota: 0.008896342707843782
    G: -3.193407722850639
    Surface is self-intersecting.
Processing TF_A = 0.45, 0.12
Initialising Boozer Surface: 
BFGS solve - True  iter=351, iota=0.0012831431138065, ||grad||_inf = 4.691e-11
BFGS solve - False  iter=197, iota=0.0419015118760358, ||grad||_inf = 2.709e-10
BFGS solve - True  iter=318, iota=0.0127043015518397, ||grad||_inf = 9.102e-11
BFGS solve - True  iter=194, iota=0.0402851462761881, ||grad||_inf = 4.346e-11
