An NVIDIA GPU may be present on this machine, but a CUDA-enabled jaxlib is not installed. Falling back to cpu.
Traceback (most recent call last):
  File "/burg-archive/home/tg2998/simsopt/examples/dipoles/single_stage_dipoles.py", line 857, in <module>
    out_dir, boozer_surface = optimize_one_iota(
                              ~~~~~~~~~~~~~~~~~^
        IOTA_TARGET, prev_load_dir, mpol, ntor, fb_thresh,
        ^^^^^^^^^^^^^^^^^^^^^^^^^^^^^^^^^^^^^^^^^^^^^^^^^^
        gtol=step_gtol,
        ^^^^^^^^^^^^^^^
        resume_this_step=resume_this_step,
        ^^^^^^^^^^^^^^^^^^^^^^^^^^^^^^^^^^
    )
    ^
  File "/burg-archive/home/tg2998/simsopt/examples/dipoles/single_stage_dipoles.py", line 421, in optimize_one_iota
    boozer_surface = initialize_boozer_surface(
        surf, mpol, ntor, bs, VOL_TARGET, BOOZER_CW, iota_target, G0,
    )
  File "/burg-archive/home/tg2998/simsopt/examples/dipoles/boozer_functions.py", line 164, in initialize_boozer_surface
    success2 = not boozer_surface.surface.is_self_intersecting() # True if surface is not self intersecting
                   ~~~~~~~~~~~~~~~~~~~~~~~~~~~~~~~~~~~~~~~~~~~^^
  File "/burg-archive/home/tg2998/simsopt/src/simsopt/_core/dev.py", line 22, in decorated
    return _callable(*args, **kwargs)
  File "/burg-archive/home/tg2998/simsopt/src/simsopt/_core/dev.py", line 22, in decorated
    return _callable(*args, **kwargs)
  File "/burg-archive/home/tg2998/simsopt/src/simsopt/geo/surface.py", line 459, in is_self_intersecting
    cs = self.cross_section(angle, thetas=thetas)
  File "/burg-archive/home/tg2998/simsopt/src/simsopt/geo/surface.py", line 416, in cross_section
    raise Exception("An error occured during calculation of the cross section.  \
    ...<2 lines>...
            with varphi, which is not the case for this surface.")
Exception: An error occured during calculation of the cross section.                          This happens when a surface 'goes back' on itself.                         The cylindrical angle is assumed to be monotonically increasing                         with varphi, which is not the case for this surface.
