=====================================
Running TF_a = 0.425
Job ID    = 9144971
Array ID  = 5
Node      = g242
Start     = Tue Jul 21 20:04:44 EDT 2026
=====================================
Processing TF_A = 0.425
Initialising Boozer Surface: 
BFGS solve - False  iter=528, iota=0.0146151445625531, ||grad||_inf = 3.856e-10
NEWTON solve - True  iter=1, iota=0.0146151445362834, ||grad||_inf = 1.732e-15
Solve success: False
    iota: 0.01461514453628344
    G: -3.1934077228506395
    Surface is self-intersecting.
Surface resolution: mpol=6, ntor=6
BFGS solve - True  iter=0, iota=0.0146151445362834, ||grad||_inf = 1.732e-15
NEWTON solve - True  iter=0, iota=0.0146151445362834, ||grad||_inf = 1.732e-15
Solve success: False
    iota: 0.01461514453628344
    G: -3.1934077228506395
    Surface is self-intersecting.
BFGS solve - False  iter=303, iota=0.0162981636825767, ||grad||_inf = 5.513e-10
NEWTON solve - True  iter=1, iota=0.0162981636713272, ||grad||_inf = 4.734e-15
Solve success: False
    iota: 0.016298163671327245
    G: -3.1934077228506395
    Surface is self-intersecting.
BFGS solve - True  iter=301, iota=0.0151230945263584, ||grad||_inf = 5.810e-11
NEWTON solve - True  iter=1, iota=0.0151230945307976, ||grad||_inf = 5.241e-15
Solve success: False
    iota: 0.015123094530797585
    G: -3.1934077228506395
    Surface is self-intersecting.
BFGS solve - True  iter=294, iota=0.0147324900460319, ||grad||_inf = 7.335e-11
NEWTON solve - True  iter=1, iota=0.0147324900458003, ||grad||_inf = 2.516e-14
Solve success: False
    iota: 0.014732490045800283
    G: -3.1934077228506395
    Surface is self-intersecting.
BFGS solve - False  iter=297, iota=0.0146404174901904, ||grad||_inf = 1.473e-10
NEWTON solve - True  iter=1, iota=0.0146404174908092, ||grad||_inf = 2.370e-15
Solve success: False
    iota: 0.014640417490809157
    G: -3.1934077228506395
    Surface is self-intersecting.
BFGS solve - False  iter=268, iota=0.0146205065883376, ||grad||_inf = 1.305e-10
NEWTON solve - True  iter=1, iota=0.0146205062503384, ||grad||_inf = 1.873e-14
Solve success: False
    iota: 0.014620506250338361
    G: -3.1934077228506395
    Surface is self-intersecting.
BFGS solve - False  iter=245, iota=0.0146162740442348, ||grad||_inf = 6.518e-09
NEWTON solve - True  iter=1, iota=0.0146162784138508, ||grad||_inf = 4.614e-14
Solve success: False
    iota: 0.014616278413850813
    G: -3.1934077228506395
    Surface is self-intersecting.
BFGS solve - False  iter=225, iota=0.0146153842148203, ||grad||_inf = 2.895e-09
NEWTON solve - True  iter=1, iota=0.0146153841633513, ||grad||_inf = 1.325e-14
Solve success: False
    iota: 0.01461538416335134
    G: -3.1934077228506395
    Surface is self-intersecting.
BFGS solve - False  iter=90, iota=0.0146151991863556, ||grad||_inf = 3.314e-09
NEWTON solve - True  iter=1, iota=0.0146151951704837, ||grad||_inf = 7.915e-13
Solve success: False
    iota: 0.014615195170483718
    G: -3.1934077228506395
    Surface is self-intersecting.
BFGS solve - False  iter=39, iota=0.0146151487089611, ||grad||_inf = 2.335e-09
NEWTON solve - True  iter=1, iota=0.0146151552351718, ||grad||_inf = 1.425e-14
Solve success: False
    iota: 0.014615155235171831
    G: -3.1934077228506395
    Surface is self-intersecting.
BFGS solve - False  iter=25, iota=0.0146151451004314, ||grad||_inf = 6.216e-09
NEWTON solve - True  iter=1, iota=0.0146151467969188, ||grad||_inf = 1.049e-14
Solve success: False
    iota: 0.014615146796918822
    G: -3.1934077228506395
    Surface is self-intersecting.
BFGS solve - False  iter=8, iota=0.0146151445402421, ||grad||_inf = 1.194e-08
NEWTON solve - True  iter=1, iota=0.0146151450139467, ||grad||_inf = 1.970e-14
Solve success: False
    iota: 0.014615145013946704
    G: -3.1934077228506395
    Surface is self-intersecting.
BFGS solve - False  iter=4, iota=0.0146151445363151, ||grad||_inf = 9.562e-10
NEWTON solve - True  iter=1, iota=0.0146151446372117, ||grad||_inf = 9.665e-15
Solve success: False
    iota: 0.014615144637211669
    G: -3.1934077228506395
    Surface is self-intersecting.
BFGS solve - False  iter=2, iota=0.0146151445362866, ||grad||_inf = 2.101e-10
NEWTON solve - True  iter=1, iota=0.0146151445576090, ||grad||_inf = 2.287e-14
Solve success: False
    iota: 0.014615144557609027
    G: -3.1934077228506395
    Surface is self-intersecting.
BFGS solve - True  iter=1, iota=0.0146151445362834, ||grad||_inf = 7.541e-11
NEWTON solve - True  iter=1, iota=0.0146151445407893, ||grad||_inf = 1.985e-14
Solve success: False
    iota: 0.014615144540789302
    G: -3.1934077228506395
    Surface is self-intersecting.
BFGS solve - True  iter=0, iota=0.0146151445362834, ||grad||_inf = 2.152e-11
NEWTON solve - True  iter=1, iota=0.0146151445372354, ||grad||_inf = 2.256e-15
Solve success: False
    iota: 0.014615144537235421
    G: -3.1934077228506395
    Surface is self-intersecting.
BFGS solve - True  iter=0, iota=0.0146151445362834, ||grad||_inf = 4.546e-12
NEWTON solve - True  iter=1, iota=0.0146151445364845, ||grad||_inf = 1.695e-14
Solve success: False
    iota: 0.014615144536484501
    G: -3.1934077228506395
    Surface is self-intersecting.
BFGS solve - True  iter=0, iota=0.0146151445362834, ||grad||_inf = 9.606e-13
NEWTON solve - True  iter=0, iota=0.0146151445362834, ||grad||_inf = 9.606e-13
Solve success: False
    iota: 0.01461514453628344
    G: -3.1934077228506395
    Surface is self-intersecting.
BFGS solve - True  iter=0, iota=0.0146151445362834, ||grad||_inf = 2.030e-13
NEWTON solve - True  iter=0, iota=0.0146151445362834, ||grad||_inf = 2.030e-13
Solve success: False
    iota: 0.01461514453628344
    G: -3.1934077228506395
    Surface is self-intersecting.
BFGS solve - True  iter=0, iota=0.0146151445362834, ||grad||_inf = 4.290e-14
NEWTON solve - True  iter=0, iota=0.0146151445362834, ||grad||_inf = 4.290e-14
Solve success: False
    iota: 0.01461514453628344
    G: -3.1934077228506395
    Surface is self-intersecting.
BFGS solve - True  iter=0, iota=0.0146151445362834, ||grad||_inf = 7.672e-14
NEWTON solve - True  iter=0, iota=0.0146151445362834, ||grad||_inf = 7.672e-14
Solve success: False
    iota: 0.01461514453628344
    G: -3.1934077228506395
    Surface is self-intersecting.
BFGS solve - True  iter=0, iota=0.0146151445362834, ||grad||_inf = 5.003e-14
NEWTON solve - True  iter=0, iota=0.0146151445362834, ||grad||_inf = 5.003e-14
Solve success: False
    iota: 0.01461514453628344
    G: -3.1934077228506395
    Surface is self-intersecting.
BFGS solve - True  iter=0, iota=0.0146151445362834, ||grad||_inf = 5.566e-14
NEWTON solve - True  iter=0, iota=0.0146151445362834, ||grad||_inf = 5.566e-14
Solve success: False
    iota: 0.01461514453628344
    G: -3.1934077228506395
    Surface is self-intersecting.
BFGS solve - True  iter=0, iota=0.0146151445362834, ||grad||_inf = 6.012e-14
NEWTON solve - True  iter=0, iota=0.0146151445362834, ||grad||_inf = 6.012e-14
Solve success: False
    iota: 0.01461514453628344
    G: -3.1934077228506395
    Surface is self-intersecting.
BFGS solve - True  iter=0, iota=0.0146151445362834, ||grad||_inf = 5.661e-14
NEWTON solve - True  iter=0, iota=0.0146151445362834, ||grad||_inf = 5.661e-14
Solve success: False
    iota: 0.01461514453628344
    G: -3.1934077228506395
    Surface is self-intersecting.
BFGS solve - True  iter=0, iota=0.0146151445362834, ||grad||_inf = 5.734e-14
NEWTON solve - True  iter=0, iota=0.0146151445362834, ||grad||_inf = 5.734e-14
Solve success: False
    iota: 0.01461514453628344
    G: -3.1934077228506395
    Surface is self-intersecting.
BFGS solve - True  iter=0, iota=0.0146151445362834, ||grad||_inf = 5.792e-14
NEWTON solve - True  iter=0, iota=0.0146151445362834, ||grad||_inf = 5.792e-14
Solve success: False
    iota: 0.01461514453628344
    G: -3.1934077228506395
    Surface is self-intersecting.
BFGS solve - True  iter=0, iota=0.0146151445362834, ||grad||_inf = 5.839e-14
NEWTON solve - True  iter=0, iota=0.0146151445362834, ||grad||_inf = 5.839e-14
Solve success: False
    iota: 0.01461514453628344
    G: -3.1934077228506395
    Surface is self-intersecting.
BFGS solve - True  iter=0, iota=0.0146151445362834, ||grad||_inf = 5.802e-14
NEWTON solve - True  iter=0, iota=0.0146151445362834, ||grad||_inf = 5.802e-14
Solve success: False
    iota: 0.01461514453628344
    G: -3.1934077228506395
    Surface is self-intersecting.
BFGS solve - True  iter=0, iota=0.0146151445362834, ||grad||_inf = 5.809e-14
NEWTON solve - True  iter=0, iota=0.0146151445362834, ||grad||_inf = 5.809e-14
Solve success: False
    iota: 0.01461514453628344
    G: -3.1934077228506395
    Surface is self-intersecting.
BFGS solve - True  iter=0, iota=0.0146151445362834, ||grad||_inf = 5.803e-14
NEWTON solve - True  iter=0, iota=0.0146151445362834, ||grad||_inf = 5.803e-14
Solve success: False
    iota: 0.01461514453628344
    G: -3.1934077228506395
    Surface is self-intersecting.
BFGS solve - True  iter=0, iota=0.0146151445362834, ||grad||_inf = 5.804e-14
NEWTON solve - True  iter=0, iota=0.0146151445362834, ||grad||_inf = 5.804e-14
Solve success: False
    iota: 0.01461514453628344
    G: -3.1934077228506395
    Surface is self-intersecting.
BFGS solve - True  iter=0, iota=0.0146151445362834, ||grad||_inf = 5.806e-14
NEWTON solve - True  iter=0, iota=0.0146151445362834, ||grad||_inf = 5.806e-14
Solve success: False
    iota: 0.01461514453628344
    G: -3.1934077228506395
    Surface is self-intersecting.
BFGS solve - True  iter=0, iota=0.0146151445362834, ||grad||_inf = 5.806e-14
NEWTON solve - True  iter=0, iota=0.0146151445362834, ||grad||_inf = 5.806e-14
Solve success: False
    iota: 0.01461514453628344
    G: -3.1934077228506395
    Surface is self-intersecting.
BFGS solve - True  iter=0, iota=0.0146151445362834, ||grad||_inf = 5.807e-14
NEWTON solve - True  iter=0, iota=0.0146151445362834, ||grad||_inf = 5.807e-14
Solve success: False
    iota: 0.01461514453628344
    G: -3.1934077228506395
    Surface is self-intersecting.
BFGS solve - True  iter=0, iota=0.0146151445362834, ||grad||_inf = 5.807e-14
NEWTON solve - True  iter=0, iota=0.0146151445362834, ||grad||_inf = 5.807e-14
Solve success: False
    iota: 0.01461514453628344
    G: -3.1934077228506395
    Surface is self-intersecting.
BFGS solve - True  iter=0, iota=0.0146151445362834, ||grad||_inf = 5.807e-14
NEWTON solve - True  iter=0, iota=0.0146151445362834, ||grad||_inf = 5.807e-14
Solve success: False
    iota: 0.01461514453628344
    G: -3.1934077228506395
    Surface is self-intersecting.
BFGS solve - True  iter=0, iota=0.0146151445362834, ||grad||_inf = 5.809e-14
NEWTON solve - True  iter=0, iota=0.0146151445362834, ||grad||_inf = 5.809e-14
Solve success: False
    iota: 0.01461514453628344
    G: -3.1934077228506395
    Surface is self-intersecting.
BFGS solve - True  iter=0, iota=0.0146151445362834, ||grad||_inf = 5.809e-14
NEWTON solve - True  iter=0, iota=0.0146151445362834, ||grad||_inf = 5.809e-14
Solve success: False
    iota: 0.01461514453628344
    G: -3.1934077228506395
    Surface is self-intersecting.
BFGS solve - True  iter=0, iota=0.0146151445362834, ||grad||_inf = 5.809e-14
NEWTON solve - True  iter=0, iota=0.0146151445362834, ||grad||_inf = 5.809e-14
Solve success: False
    iota: 0.01461514453628344
    G: -3.1934077228506395
    Surface is self-intersecting.
BFGS solve - True  iter=0, iota=0.0146151445362834, ||grad||_inf = 5.809e-14
NEWTON solve - True  iter=0, iota=0.0146151445362834, ||grad||_inf = 5.809e-14
Solve success: False
    iota: 0.01461514453628344
    G: -3.1934077228506395
    Surface is self-intersecting.
BFGS solve - True  iter=0, iota=0.0146151445362834, ||grad||_inf = 5.809e-14
NEWTON solve - True  iter=0, iota=0.0146151445362834, ||grad||_inf = 5.809e-14
Solve success: False
    iota: 0.01461514453628344
    G: -3.1934077228506395
    Surface is self-intersecting.
BFGS solve - True  iter=0, iota=0.0146151445362834, ||grad||_inf = 5.809e-14
NEWTON solve - True  iter=0, iota=0.0146151445362834, ||grad||_inf = 5.809e-14
Solve success: False
    iota: 0.01461514453628344
    G: -3.1934077228506395
    Surface is self-intersecting.
BFGS solve - True  iter=0, iota=0.0146151445362834, ||grad||_inf = 5.809e-14
NEWTON solve - True  iter=0, iota=0.0146151445362834, ||grad||_inf = 5.809e-14
Solve success: False
    iota: 0.01461514453628344
    G: -3.1934077228506395
    Surface is self-intersecting.
BFGS solve - True  iter=0, iota=0.0146151445362834, ||grad||_inf = 5.809e-14
NEWTON solve - True  iter=0, iota=0.0146151445362834, ||grad||_inf = 5.809e-14
Solve success: False
    iota: 0.01461514453628344
    G: -3.1934077228506395
    Surface is self-intersecting.
BFGS solve - True  iter=0, iota=0.0146151445362834, ||grad||_inf = 5.809e-14
NEWTON solve - True  iter=0, iota=0.0146151445362834, ||grad||_inf = 5.809e-14
Solve success: False
    iota: 0.01461514453628344
    G: -3.1934077228506395
    Surface is self-intersecting.
BFGS solve - True  iter=0, iota=0.0146151445362834, ||grad||_inf = 5.809e-14
NEWTON solve - True  iter=0, iota=0.0146151445362834, ||grad||_inf = 5.809e-14
Solve success: False
    iota: 0.01461514453628344
    G: -3.1934077228506395
    Surface is self-intersecting.
BFGS solve - True  iter=0, iota=0.0146151445362834, ||grad||_inf = 5.809e-14
NEWTON solve - True  iter=0, iota=0.0146151445362834, ||grad||_inf = 5.809e-14
Solve success: False
    iota: 0.01461514453628344
    G: -3.1934077228506395
    Surface is self-intersecting.
BFGS solve - True  iter=0, iota=0.0146151445362834, ||grad||_inf = 5.809e-14
NEWTON solve - True  iter=0, iota=0.0146151445362834, ||grad||_inf = 5.809e-14
Solve success: False
    iota: 0.01461514453628344
    G: -3.1934077228506395
    Surface is self-intersecting.
BFGS solve - True  iter=0, iota=0.0146151445362834, ||grad||_inf = 5.809e-14
NEWTON solve - True  iter=0, iota=0.0146151445362834, ||grad||_inf = 5.809e-14
Solve success: False
    iota: 0.01461514453628344
    G: -3.1934077228506395
    Surface is self-intersecting.
BFGS solve - True  iter=0, iota=0.0146151445362834, ||grad||_inf = 5.809e-14
NEWTON solve - True  iter=0, iota=0.0146151445362834, ||grad||_inf = 5.809e-14
Solve success: False
    iota: 0.01461514453628344
    G: -3.1934077228506395
    Surface is self-intersecting.
BFGS solve - True  iter=0, iota=0.0146151445362834, ||grad||_inf = 5.809e-14
NEWTON solve - True  iter=0, iota=0.0146151445362834, ||grad||_inf = 5.809e-14
Solve success: False
    iota: 0.01461514453628344
    G: -3.1934077228506395
    Surface is self-intersecting.
BFGS solve - True  iter=0, iota=0.0146151445362834, ||grad||_inf = 5.809e-14
NEWTON solve - True  iter=0, iota=0.0146151445362834, ||grad||_inf = 5.809e-14
Solve success: False
    iota: 0.01461514453628344
    G: -3.1934077228506395
    Surface is self-intersecting.
BFGS solve - True  iter=0, iota=0.0146151445362834, ||grad||_inf = 5.809e-14
NEWTON solve - True  iter=0, iota=0.0146151445362834, ||grad||_inf = 5.809e-14
Solve success: False
    iota: 0.01461514453628344
    G: -3.1934077228506395
    Surface is self-intersecting.
BFGS solve - True  iter=0, iota=0.0146151445362834, ||grad||_inf = 5.809e-14
NEWTON solve - True  iter=0, iota=0.0146151445362834, ||grad||_inf = 5.809e-14
Solve success: False
    iota: 0.01461514453628344
    G: -3.1934077228506395
    Surface is self-intersecting.
BFGS solve - True  iter=0, iota=0.0146151445362834, ||grad||_inf = 5.809e-14
NEWTON solve - True  iter=0, iota=0.0146151445362834, ||grad||_inf = 5.809e-14
Solve success: False
    iota: 0.01461514453628344
    G: -3.1934077228506395
    Surface is self-intersecting.
BFGS solve - True  iter=0, iota=0.0146151445362834, ||grad||_inf = 5.809e-14
NEWTON solve - True  iter=0, iota=0.0146151445362834, ||grad||_inf = 5.809e-14
Solve success: False
    iota: 0.01461514453628344
    G: -3.1934077228506395
    Surface is self-intersecting.
BFGS solve - True  iter=0, iota=0.0146151445362834, ||grad||_inf = 5.809e-14
NEWTON solve - True  iter=0, iota=0.0146151445362834, ||grad||_inf = 5.809e-14
Solve success: False
    iota: 0.01461514453628344
    G: -3.1934077228506395
    Surface is self-intersecting.
BFGS solve - True  iter=0, iota=0.0146151445362834, ||grad||_inf = 5.809e-14
NEWTON solve - True  iter=0, iota=0.0146151445362834, ||grad||_inf = 5.809e-14
Solve success: False
    iota: 0.01461514453628344
    G: -3.1934077228506395
    Surface is self-intersecting.
BFGS solve - True  iter=0, iota=0.0146151445362834, ||grad||_inf = 5.809e-14
NEWTON solve - True  iter=0, iota=0.0146151445362834, ||grad||_inf = 5.809e-14
Solve success: False
    iota: 0.01461514453628344
    G: -3.1934077228506395
    Surface is self-intersecting.
BFGS solve - True  iter=0, iota=0.0146151445362834, ||grad||_inf = 5.809e-14
NEWTON solve - True  iter=0, iota=0.0146151445362834, ||grad||_inf = 5.809e-14
Solve success: False
    iota: 0.01461514453628344
    G: -3.1934077228506395
    Surface is self-intersecting.
BFGS solve - True  iter=0, iota=0.0146151445362834, ||grad||_inf = 5.809e-14
NEWTON solve - True  iter=0, iota=0.0146151445362834, ||grad||_inf = 5.809e-14
Solve success: False
    iota: 0.01461514453628344
    G: -3.1934077228506395
    Surface is self-intersecting.
BFGS solve - True  iter=0, iota=0.0146151445362834, ||grad||_inf = 5.809e-14
NEWTON solve - True  iter=0, iota=0.0146151445362834, ||grad||_inf = 5.809e-14
Solve success: False
    iota: 0.01461514453628344
    G: -3.1934077228506395
    Surface is self-intersecting.
BFGS solve - True  iter=0, iota=0.0146151445362834, ||grad||_inf = 5.809e-14
NEWTON solve - True  iter=0, iota=0.0146151445362834, ||grad||_inf = 5.809e-14
Solve success: False
    iota: 0.01461514453628344
    G: -3.1934077228506395
    Surface is self-intersecting.
BFGS solve - True  iter=0, iota=0.0146151445362834, ||grad||_inf = 5.809e-14
NEWTON solve - True  iter=0, iota=0.0146151445362834, ||grad||_inf = 5.809e-14
Solve success: False
    iota: 0.01461514453628344
    G: -3.1934077228506395
    Surface is self-intersecting.
BFGS solve - True  iter=0, iota=0.0146151445362834, ||grad||_inf = 5.809e-14
NEWTON solve - True  iter=0, iota=0.0146151445362834, ||grad||_inf = 5.809e-14
Solve success: False
    iota: 0.01461514453628344
    G: -3.1934077228506395
    Surface is self-intersecting.
BFGS solve - True  iter=0, iota=0.0146151445362834, ||grad||_inf = 5.809e-14
NEWTON solve - True  iter=0, iota=0.0146151445362834, ||grad||_inf = 5.809e-14
Solve success: False
    iota: 0.01461514453628344
    G: -3.1934077228506395
    Surface is self-intersecting.
BFGS solve - True  iter=0, iota=0.0146151445362834, ||grad||_inf = 5.809e-14
NEWTON solve - True  iter=0, iota=0.0146151445362834, ||grad||_inf = 5.809e-14
Solve success: False
    iota: 0.01461514453628344
    G: -3.1934077228506395
    Surface is self-intersecting.
BFGS solve - True  iter=0, iota=0.0146151445362834, ||grad||_inf = 5.809e-14
NEWTON solve - True  iter=0, iota=0.0146151445362834, ||grad||_inf = 5.809e-14
Solve success: False
    iota: 0.01461514453628344
    G: -3.1934077228506395
    Surface is self-intersecting.
BFGS solve - True  iter=0, iota=0.0146151445362834, ||grad||_inf = 5.809e-14
NEWTON solve - True  iter=0, iota=0.0146151445362834, ||grad||_inf = 5.809e-14
Solve success: False
    iota: 0.01461514453628344
    G: -3.1934077228506395
    Surface is self-intersecting.
BFGS solve - True  iter=0, iota=0.0146151445362834, ||grad||_inf = 5.809e-14
NEWTON solve - True  iter=0, iota=0.0146151445362834, ||grad||_inf = 5.809e-14
Solve success: False
    iota: 0.01461514453628344
    G: -3.1934077228506395
    Surface is self-intersecting.
BFGS solve - True  iter=0, iota=0.0146151445362834, ||grad||_inf = 5.809e-14
NEWTON solve - True  iter=0, iota=0.0146151445362834, ||grad||_inf = 5.809e-14
Solve success: False
    iota: 0.01461514453628344
    G: -3.1934077228506395
    Surface is self-intersecting.
BFGS solve - True  iter=0, iota=0.0146151445362834, ||grad||_inf = 5.809e-14
NEWTON solve - True  iter=0, iota=0.0146151445362834, ||grad||_inf = 5.809e-14
Solve success: False
    iota: 0.01461514453628344
    G: -3.1934077228506395
    Surface is self-intersecting.
BFGS solve - True  iter=0, iota=0.0146151445362834, ||grad||_inf = 5.809e-14
NEWTON solve - True  iter=0, iota=0.0146151445362834, ||grad||_inf = 5.809e-14
Solve success: False
    iota: 0.01461514453628344
    G: -3.1934077228506395
    Surface is self-intersecting.
BFGS solve - True  iter=0, iota=0.0146151445362834, ||grad||_inf = 5.809e-14
NEWTON solve - True  iter=0, iota=0.0146151445362834, ||grad||_inf = 5.809e-14
Solve success: False
    iota: 0.01461514453628344
    G: -3.1934077228506395
    Surface is self-intersecting.
BFGS solve - True  iter=0, iota=0.0146151445362834, ||grad||_inf = 5.809e-14
NEWTON solve - True  iter=0, iota=0.0146151445362834, ||grad||_inf = 5.809e-14
Solve success: False
    iota: 0.01461514453628344
    G: -3.1934077228506395
    Surface is self-intersecting.
BFGS solve - True  iter=0, iota=0.0146151445362834, ||grad||_inf = 5.809e-14
NEWTON solve - True  iter=0, iota=0.0146151445362834, ||grad||_inf = 5.809e-14
Solve success: False
    iota: 0.01461514453628344
    G: -3.1934077228506395
    Surface is self-intersecting.
BFGS solve - False  iter=303, iota=0.0162981636825767, ||grad||_inf = 5.513e-10
NEWTON solve - True  iter=1, iota=0.0162981636713272, ||grad||_inf = 4.734e-15
Solve success: False
    iota: 0.016298163671327245
    G: -3.1934077228506395
    Surface is self-intersecting.
BFGS solve - False  iter=300, iota=0.0156539408110527, ||grad||_inf = 1.932e-10
NEWTON solve - True  iter=1, iota=0.0156539408038057, ||grad||_inf = 1.112e-14
Solve success: False
    iota: 0.015653940803805652
    G: -3.1934077228506395
    Surface is self-intersecting.
BFGS solve - True  iter=301, iota=0.0151231561910462, ||grad||_inf = 4.045e-11
NEWTON solve - True  iter=1, iota=0.0151231561910698, ||grad||_inf = 1.011e-14
Solve success: False
    iota: 0.01512315619106981
    G: -3.1934077228506395
    Surface is self-intersecting.
BFGS solve - False  iter=294, iota=0.0148513217911416, ||grad||_inf = 1.933e-10
NEWTON solve - True  iter=1, iota=0.0148513217864980, ||grad||_inf = 6.238e-15
Solve success: False
    iota: 0.014851321786498005
    G: -3.1934077228506395
    Surface is self-intersecting.
BFGS solve - False  iter=294, iota=0.0147205553758389, ||grad||_inf = 1.754e-10
NEWTON solve - True  iter=1, iota=0.0147205553757721, ||grad||_inf = 1.464e-14
Solve success: False
    iota: 0.01472055537577209
    G: -3.1934077228506395
    Surface is self-intersecting.
BFGS solve - False  iter=294, iota=0.0146614921373229, ||grad||_inf = 1.929e-10
NEWTON solve - True  iter=1, iota=0.0146614921459955, ||grad||_inf = 1.249e-15
Solve success: False
    iota: 0.01466149214599549
    G: -3.1934077228506395
    Surface is self-intersecting.
BFGS solve - False  iter=294, iota=0.0146353786540748, ||grad||_inf = 2.642e-10
NEWTON solve - True  iter=1, iota=0.0146353786566298, ||grad||_inf = 1.339e-14
Solve success: False
    iota: 0.014635378656629833
    G: -3.1934077228506395
    Surface is self-intersecting.
BFGS solve - False  iter=269, iota=0.0146239522730777, ||grad||_inf = 2.106e-10
NEWTON solve - True  iter=1, iota=0.0146239518245925, ||grad||_inf = 3.002e-14
Solve success: False
    iota: 0.014623951824592503
    G: -3.1934077228506395
    Surface is self-intersecting.
BFGS solve - True  iter=268, iota=0.0146189732337855, ||grad||_inf = 9.352e-11
NEWTON solve - True  iter=1, iota=0.0146189730299703, ||grad||_inf = 1.003e-14
Solve success: False
    iota: 0.014618973029970343
    G: -3.1934077228506395
    Surface is self-intersecting.
BFGS solve - True  iter=268, iota=0.0146168079016173, ||grad||_inf = 6.086e-11
NEWTON solve - True  iter=1, iota=0.0146168078204201, ||grad||_inf = 1.640e-14
Solve success: False
    iota: 0.014616807820420108
    G: -3.1934077228506395
    Surface is self-intersecting.
BFGS solve - False  iter=254, iota=0.0146158629987456, ||grad||_inf = 4.609e-10
NEWTON solve - True  iter=1, iota=0.0146158669689288, ||grad||_inf = 1.499e-14
Solve success: False
    iota: 0.014615866968928764
    G: -3.1934077228506395
    Surface is self-intersecting.
BFGS solve - False  iter=212, iota=0.0146154586049506, ||grad||_inf = 2.470e-09
NEWTON solve - True  iter=1, iota=0.0146154582847443, ||grad||_inf = 1.046e-14
Solve success: False
    iota: 0.01461545828474426
    G: -3.1934077228506395
    Surface is self-intersecting.
Desired error not necessarily achieved due to precision loss.
Optimized Boozer surface successfully saved to: /burg-archive/home/tg2998/simsopt/examples/outputs/TG_single_stage_outputs/optimized_boozer_surface_0.425.json
Finished at Tue Jul 21 23:36:48 EDT 2026
